===== 2026-08-25 15:48:02  modo=giornaliero
-- annunci
  bolzano           48 annunci → 28 da guardare (canone max 967 €/camera · mediana 15.4 €/mq)
  como              72 annunci → 10 da guardare (canone max 795 €/camera · mediana 23.4 €/mq)
  verona            72 annunci → 32 da guardare (canone max 726 €/camera · mediana 12.9 €/mq)
  bari              72 annunci → 23 da guardare (canone max 622 €/camera · mediana 13.3 €/mq)
  siena             72 annunci → 46 da guardare (canone max 608 €/camera · mediana 13.0 €/mq)
  bergamo           72 annunci → 19 da guardare (canone max 608 €/camera · mediana 13.7 €/mq)
  trieste           72 annunci →  4 da guardare (canone max 576 €/camera · mediana 21.0 €/mq)
  pisa              72 annunci → 24 da guardare (canone max 576 €/camera · mediana 14.8 €/mq)
  trento            70 annunci → 25 da guardare (canone max 571 €/camera · mediana 13.6 €/mq)
  lucca             71 annunci → 39 da guardare (canone max 558 €/camera · mediana 12.5 €/mq)

250 annunci da guardare, 443 scartati.
  [passa    ] bolzano      1200 € · 8 locali · 100 mq · sostenibile   6771 € (+5571) 12.0 €/mq · arredato · da privato
  [passa    ] bolzano      2300 € · 7 locali · 240 mq · sostenibile   5804 € (+3504)  9.6 €/mq · arredato
  [passa    ] bolzano      1600 € · 6 locali · 130 mq · sostenibile   4837 € (+3237) 12.3 €/mq · arredato
  [passa    ] trento       2200 € · 9 locali · 100 mq · sostenibile   4566 € (+2366) 22.0 €/mq  · da privato
  [passa    ] bolzano      1550 € · 5 locali · 170 mq · sostenibile   3869 € (+2319)  9.1 €/mq · arredato
  [passa    ] verona       2200 € · 7 locali · 195 mq · sostenibile   4358 € (+2158) 11.3 €/mq · arredato
  [passa    ] bolzano      1800 € · 5 locali · 149 mq · sostenibile   3869 € (+2069) 12.1 €/mq 
  [passa    ] bolzano      1800 € · 5 locali · 205 mq · sostenibile   3869 € (+2069)  8.8 €/mq 
  [passa    ] lucca         800 € · 6 locali · 110 mq · sostenibile   2790 € (+1990)  7.3 €/mq · arredato
  [passa    ] lucca        1450 € · 7 locali · 130 mq · sostenibile   3348 € (+1898) 11.2 €/mq 
  [passa    ] bolzano      2000 € · 5 locali · 150 mq · sostenibile   3869 € (+1869) 13.3 €/mq · arredato
  [passa    ] lucca         980 € · 6 locali · 120 mq · sostenibile   2790 € (+1810)  8.2 €/mq · arredato
  [passa    ] lucca        2200 € · 8 locali · 200 mq · sostenibile   3907 € (+1707) 11.0 €/mq · arredato
  [passa    ] bolzano      1200 € · 4 locali · 45 mq · sostenibile   2902 € (+1702) 26.7 €/mq · arredato · da privato
  [passa    ] bari          800 € · 5 locali · 120 mq · sostenibile   2488 € (+1688)  6.7 €/mq 
-- report
-- pushato
-- fine
===== 2026-08-25 15:50:46  modo=giornaliero
-- annunci
  bolzano           48 annunci → 28 da guardare (canone max 967 €/camera · mediana 15.4 €/mq)
  como              72 annunci → 10 da guardare (canone max 795 €/camera · mediana 23.4 €/mq)
  verona            72 annunci → 32 da guardare (canone max 726 €/camera · mediana 12.9 €/mq)
  bari              72 annunci → 23 da guardare (canone max 622 €/camera · mediana 13.3 €/mq)
  siena             72 annunci → 46 da guardare (canone max 608 €/camera · mediana 13.0 €/mq)
  bergamo           72 annunci → 19 da guardare (canone max 608 €/camera · mediana 13.7 €/mq)
  trieste           72 annunci →  4 da guardare (canone max 576 €/camera · mediana 21.0 €/mq)
  pisa              72 annunci → 24 da guardare (canone max 576 €/camera · mediana 14.8 €/mq)
  trento            70 annunci → 25 da guardare (canone max 571 €/camera · mediana 13.6 €/mq)
  lucca             71 annunci → 39 da guardare (canone max 558 €/camera · mediana 12.5 €/mq)

250 annunci da guardare, 443 scartati.
  [passa    ] bolzano      1200 € · 8 locali · 100 mq · sostenibile   6771 € (+5571) 12.0 €/mq · arredato · da privato
  [passa    ] bolzano      2300 € · 7 locali · 240 mq · sostenibile   5804 € (+3504)  9.6 €/mq · arredato
  [passa    ] bolzano      1600 € · 6 locali · 130 mq · sostenibile   4837 € (+3237) 12.3 €/mq · arredato
  [passa    ] trento       2200 € · 9 locali · 100 mq · sostenibile   4566 € (+2366) 22.0 €/mq  · da privato
  [passa    ] bolzano      1550 € · 5 locali · 170 mq · sostenibile   3869 € (+2319)  9.1 €/mq · arredato
  [passa    ] verona       2200 € · 7 locali · 195 mq · sostenibile   4358 € (+2158) 11.3 €/mq · arredato
  [passa    ] bolzano      1800 € · 5 locali · 149 mq · sostenibile   3869 € (+2069) 12.1 €/mq 
  [passa    ] bolzano      1800 € · 5 locali · 205 mq · sostenibile   3869 € (+2069)  8.8 €/mq 
  [passa    ] lucca         800 € · 6 locali · 110 mq · sostenibile   2790 € (+1990)  7.3 €/mq · arredato
  [passa    ] lucca        1450 € · 7 locali · 130 mq · sostenibile   3348 € (+1898) 11.2 €/mq 
  [passa    ] bolzano      2000 € · 5 locali · 150 mq · sostenibile   3869 € (+1869) 13.3 €/mq · arredato
  [passa    ] lucca         980 € · 6 locali · 120 mq · sostenibile   2790 € (+1810)  8.2 €/mq · arredato
  [passa    ] lucca        2200 € · 8 locali · 200 mq · sostenibile   3907 € (+1707) 11.0 €/mq · arredato
  [passa    ] bolzano      1200 € · 4 locali · 45 mq · sostenibile   2902 € (+1702) 26.7 €/mq · arredato · da privato
  [passa    ] bari          800 € · 5 locali · 120 mq · sostenibile   2488 € (+1688)  6.7 €/mq 
-- report
-- pushato
-- fine
===== 2026-08-25 15:52:57  modo=giornaliero
-- annunci
  bolzano           48 annunci → 28 da guardare (canone max 967 €/camera · mediana 15.4 €/mq)
  como              72 annunci → 10 da guardare (canone max 795 €/camera · mediana 23.4 €/mq)
  verona            72 annunci → 32 da guardare (canone max 726 €/camera · mediana 12.9 €/mq)
  bari              72 annunci → 23 da guardare (canone max 622 €/camera · mediana 13.3 €/mq)
  siena             72 annunci → 46 da guardare (canone max 608 €/camera · mediana 13.0 €/mq)
  bergamo           72 annunci → 19 da guardare (canone max 608 €/camera · mediana 13.7 €/mq)
  trieste           72 annunci →  4 da guardare (canone max 576 €/camera · mediana 21.0 €/mq)
  pisa              72 annunci → 24 da guardare (canone max 576 €/camera · mediana 14.8 €/mq)
  trento            70 annunci → 25 da guardare (canone max 571 €/camera · mediana 13.6 €/mq)
  lucca             71 annunci → 39 da guardare (canone max 558 €/camera · mediana 12.5 €/mq)

250 annunci da guardare, 443 scartati.
  [passa    ] bolzano      1200 € · 8 locali · 100 mq · sostenibile   6771 € (+5571) 12.0 €/mq · arredato · da privato
  [passa    ] bolzano      2300 € · 7 locali · 240 mq · sostenibile   5804 € (+3504)  9.6 €/mq · arredato
  [passa    ] bolzano      1600 € · 6 locali · 130 mq · sostenibile   4837 € (+3237) 12.3 €/mq · arredato
  [passa    ] trento       2200 € · 9 locali · 100 mq · sostenibile   4566 € (+2366) 22.0 €/mq  · da privato
  [passa    ] bolzano      1550 € · 5 locali · 170 mq · sostenibile   3869 € (+2319)  9.1 €/mq · arredato
  [passa    ] verona       2200 € · 7 locali · 195 mq · sostenibile   4358 € (+2158) 11.3 €/mq · arredato
  [passa    ] bolzano      1800 € · 5 locali · 149 mq · sostenibile   3869 € (+2069) 12.1 €/mq 
  [passa    ] bolzano      1800 € · 5 locali · 205 mq · sostenibile   3869 € (+2069)  8.8 €/mq 
  [passa    ] lucca         800 € · 6 locali · 110 mq · sostenibile   2790 € (+1990)  7.3 €/mq · arredato
  [passa    ] lucca        1450 € · 7 locali · 130 mq · sostenibile   3348 € (+1898) 11.2 €/mq 
  [passa    ] bolzano      2000 € · 5 locali · 150 mq · sostenibile   3869 € (+1869) 13.3 €/mq · arredato
  [passa    ] lucca         980 € · 6 locali · 120 mq · sostenibile   2790 € (+1810)  8.2 €/mq · arredato
  [passa    ] lucca        2200 € · 8 locali · 200 mq · sostenibile   3907 € (+1707) 11.0 €/mq · arredato
  [passa    ] bolzano      1200 € · 4 locali · 45 mq · sostenibile   2902 € (+1702) 26.7 €/mq · arredato · da privato
  [passa    ] bari          800 € · 5 locali · 120 mq · sostenibile   2488 € (+1688)  6.7 €/mq 
-- report
-- pushato
-- fine
===== 2026-08-25 15:55:18  modo=giornaliero
-- annunci
  bolzano           48 annunci → 28 da guardare (canone max 967 €/camera · mediana 15.4 €/mq)
  como              72 annunci → 10 da guardare (canone max 795 €/camera · mediana 23.4 €/mq)
  verona            72 annunci → 32 da guardare (canone max 726 €/camera · mediana 12.9 €/mq)
  bari              72 annunci → 23 da guardare (canone max 622 €/camera · mediana 13.3 €/mq)
  siena             72 annunci → 46 da guardare (canone max 608 €/camera · mediana 13.0 €/mq)
  bergamo           72 annunci → 19 da guardare (canone max 608 €/camera · mediana 13.7 €/mq)
  trieste           72 annunci →  4 da guardare (canone max 576 €/camera · mediana 21.0 €/mq)
  pisa              72 annunci → 24 da guardare (canone max 576 €/camera · mediana 14.8 €/mq)
  trento            70 annunci → 25 da guardare (canone max 571 €/camera · mediana 13.6 €/mq)
  lucca             71 annunci → 39 da guardare (canone max 558 €/camera · mediana 12.5 €/mq)

250 annunci da guardare, 443 scartati.
  [passa    ] bolzano      1200 € · 8 locali · 100 mq · sostenibile   6771 € (+5571) 12.0 €/mq · arredato · da privato
  [passa    ] bolzano      2300 € · 7 locali · 240 mq · sostenibile   5804 € (+3504)  9.6 €/mq · arredato
  [passa    ] bolzano      1600 € · 6 locali · 130 mq · sostenibile   4837 € (+3237) 12.3 €/mq · arredato
  [passa    ] trento       2200 € · 9 locali · 100 mq · sostenibile   4566 € (+2366) 22.0 €/mq  · da privato
  [passa    ] bolzano      1550 € · 5 locali · 170 mq · sostenibile   3869 € (+2319)  9.1 €/mq · arredato
  [passa    ] verona       2200 € · 7 locali · 195 mq · sostenibile   4358 € (+2158) 11.3 €/mq · arredato
  [passa    ] bolzano      1800 € · 5 locali · 149 mq · sostenibile   3869 € (+2069) 12.1 €/mq 
  [passa    ] bolzano      1800 € · 5 locali · 205 mq · sostenibile   3869 € (+2069)  8.8 €/mq 
  [passa    ] lucca         800 € · 6 locali · 110 mq · sostenibile   2790 € (+1990)  7.3 €/mq · arredato
  [passa    ] lucca        1450 € · 7 locali · 130 mq · sostenibile   3348 € (+1898) 11.2 €/mq 
  [passa    ] bolzano      2000 € · 5 locali · 150 mq · sostenibile   3869 € (+1869) 13.3 €/mq · arredato
  [passa    ] lucca         980 € · 6 locali · 120 mq · sostenibile   2790 € (+1810)  8.2 €/mq · arredato
  [passa    ] lucca        2200 € · 8 locali · 200 mq · sostenibile   3907 € (+1707) 11.0 €/mq · arredato
  [passa    ] bolzano      1200 € · 4 locali · 45 mq · sostenibile   2902 € (+1702) 26.7 €/mq · arredato · da privato
  [passa    ] bari          800 € · 5 locali · 120 mq · sostenibile   2488 € (+1688)  6.7 €/mq 
-- report
-- pushato
-- fine
